Undeclared identifier at line<, Undeclared identifier at lineG, Undeclared identifier at lineL, Undeclared identifier at lineP, Undeclared identifier at lineP, Undeclared identifier at lineQ, Undeclared identifier at lineS, Undeclared identifier at lineU, Undeclared identifier at lineV, Undeclared identifier at lineY, Undeclared identifier at lineY, Undeclared identifier at line[, Undeclared identifier at line], Misplaced '}' at line:, Misplaced '}' at line=, 